// Jest Snapshot v1, https://goo.gl/fbAQLP

exports[`renders Lyout unchanged 1`] = `
<div>
  <div
    class="css-1m65r4j"
  >
    <div
      class="css-jfo7z"
    >
      <div
        class="css-0"
      >
        Logo
      </div>
      <div
        class="css-70qvj9"
      >
        <div
          class="chakra-stack css-r9wgs2"
        >
          <button
            class="chakra-button css-5c2176"
            type="button"
          >
            <svg
              class="chakra-icon css-onkibi"
              focusable="false"
              viewBox="0 0 24 24"
            >
              <g
                fill="none"
                stroke="currentColor"
                stroke-linecap="round"
                stroke-linejoin="round"
                stroke-width="2"
              >
                <circle
                  cx="12"
                  cy="12"
                  r="5"
                />
                <path
                  d="M12 1v2"
                />
                <path
                  d="M12 21v2"
                />
                <path
                  d="M4.22 4.22l1.42 1.42"
                />
                <path
                  d="M18.36 18.36l1.42 1.42"
                />
                <path
                  d="M1 12h2"
                />
                <path
                  d="M21 12h2"
                />
                <path
                  d="M4.22 19.78l1.42-1.42"
                />
                <path
                  d="M18.36 5.64l1.42-1.42"
                />
              </g>
            </svg>
          </button>
        </div>
      </div>
    </div>
  </div>
  <div
    class="chakra-container css-tgl8gt"
  >
    <h1>
      Hello World !
    </h1>
  </div>
</div>
`;
